// Jest Snapshot v1, https://goo.gl/fbAQLP

exports[`Indecision Component debe de hacer match con el snapshot 1`] = `
<!--v-if-->
<!-- utilizariamos el v-bind pero utilizamos el shortcut que son los dos puntos (:) -->
<div class="bg-dark"></div>
<div class="indecision-container"><input type="text" placeholder="Hazme una pregunta">
  <p>Recuerda terminar con un signo de interrogaci√≥n (?)</p>
  <!--v-if-->
</div>
`;
